---
source: tests/tbir.rs
assertion_line: 26858
expression: "format!(\"{prog}\")"
---
tb-ir program
  testbench tb0 CounterLifecycleTb { dut: Top } field expected:uint<32>=0
  testbench tb1 CounterLifecycleTb { dut: Top } field expected:uint<32>=0
  test LifecycleBumpFive tb=tb0 run=fn3 check=fn4
  test LifecycleBumpThree tb=tb1 run=fn5 check=fn6

fn fn0 tb_method_0_reset [kind=TestbenchMethod(tbt0)]
  entry = b0

  b0:
    DutWrite(dut.rst, 1)
    DutWrite(dut.en, 0)
    -> WaitCycles(2, b1)

  b1:
    DutWrite(dut.rst, 0)
    -> WaitCycles(1, b2)

  b2:
    -> Return

fn fn1 __tb_lifecycle_CounterLifecycleTb_Setup [kind=TestbenchLifecycle(tb0, setup), owner=tb0]
  entry = b0

  b0:
    TestbenchCall(fn0())
    -> Return

fn fn2 __tb_lifecycle_CounterLifecycleTb_Check [kind=TestbenchLifecycle(tb0, check), owner=tb0]
  entry = b0

  b0:
    AssertCheck { cond: (dut.count_out == _tb.expected), on_fail: "shared final check: count_out=%lld, expected=%lld", dut.count_out, _tb.expected }
    Log(info, "shared final check passed")
    -> Return

fn fn3 run_LifecycleBumpFive [kind=Run, owner=tb0]
  entry = b0

  b0:
    -> TbLifecycleCall { fn1, b1 }

  b1:
    DutWrite(dut.en, 1)
    -> WaitCycles(5, b2)

  b2:
    DutWrite(dut.en, 0)
    TbFieldWrite(_tb.expected, 5)
    -> Return

fn fn4 check_LifecycleBumpFive [kind=Check, owner=tb0]
  entry = b0

  b0:
    -> TbLifecycleCall { fn2, b1 }

  b1:
    -> Return

fn fn5 run_LifecycleBumpThree [kind=Run, owner=tb1]
  entry = b0

  b0:
    -> TbLifecycleCall { fn1, b1 }

  b1:
    DutWrite(dut.en, 1)
    -> WaitCycles(3, b2)

  b2:
    DutWrite(dut.en, 0)
    TbFieldWrite(_tb.expected, 3)
    -> Return

fn fn6 check_LifecycleBumpThree [kind=Check, owner=tb1]
  entry = b0

  b0:
    -> TbLifecycleCall { fn2, b1 }

  b1:
    -> Return
